17:11:44 **** Incremental Build of configuration Debug for project example ****
make all 
make: Nothing to be done for 'all'.
17:12:21 **** Auto Build of configuration Debug for project example ****
make all 
'Building file: ../src/main.c'
'Invoking: MicroBlaze gcc compiler'
mb-gcc -Wall -O0 -g3 -c -fmessage-length=0 -MT"src/main.o" -I../../example_bsp/microblaze_0/include -mlittle-endian -mcpu=v11.0 -mxl-soft-mul -Wl,--no-relax -ffunction-sections -fdata-sections -MMD -MP -MF"src/main.d" -MT"src/main.o" -o "src/main.o" "../src/main.c"
../src/main.c: In function 'main':
../src/main.c:102:7: warning: implicit declaration of function 'init_bar'; did you mean 'init_ball'? [-Wimplicit-function-declaration]
       init_bar(&bar_pos);
       ^~~~~~~~
       init_ball
../src/main.c: At top level:
../src/main.c:593:6: warning: conflicting types for 'init_bar'
 void init_bar(position_t *bar_pos)
      ^~~~~~~~
../src/main.c:102:7: note: previous implicit declaration of 'init_bar' was here
       init_bar(&bar_pos);
       ^~~~~~~~
'Finished building: ../src/main.c'
' '
'Building target: example.elf'
'Invoking: MicroBlaze gcc linker'
mb-gcc -Wl,-T -Wl,../src/lscript.ld -L../../example_bsp/microblaze_0/lib -mlittle-endian -mcpu=v11.0 -mxl-soft-mul -Wl,--no-relax -Wl,--gc-sections -o "example.elf"  ./src/peripherals/buttons.o ./src/peripherals/leds.o ./src/peripherals/timer.o  ./src/blocks.o ./src/colors.o ./src/graphics.o ./src/main.o   -Wl,--start-group,-lxil,-lgcc,-lc,--end-group
'Finished building target: example.elf'
' '
'Invoking: MicroBlaze Print Size'
mb-size example.elf  |tee "example.elf.size"
   text	   data	    bss	    dec	    hex	filename
  25976	   9102	   3170	  38248	   9568	example.elf
'Finished building: example.elf.size'
' '
17:12:24 **** Auto Build of configuration Debug for project example ****
make all 
'Building file: ../src/main.c'
'Invoking: MicroBlaze gcc compiler'
mb-gcc -Wall -O0 -g3 -c -fmessage-length=0 -MT"src/main.o" -I../../example_bsp/microblaze_0/include -mlittle-endian -mcpu=v11.0 -mxl-soft-mul -Wl,--no-relax -ffunction-sections -fdata-sections -MMD -MP -MF"src/main.d" -MT"src/main.o" -o "src/main.o" "../src/main.c"
../src/main.c: In function 'main':
../src/main.c:102:7: warning: implicit declaration of function 'init_bar'; did you mean 'init_ball'? [-Wimplicit-function-declaration]
       init_bar(&bar_pos);
       ^~~~~~~~
       init_ball
../src/main.c: At top level:
../src/main.c:593:6: warning: conflicting types for 'init_bar'
 void init_bar(position_t *bar_pos)
      ^~~~~~~~
../src/main.c:102:7: note: previous implicit declaration of 'init_bar' was here
       init_bar(&bar_pos);
       ^~~~~~~~
'Finished building: ../src/main.c'
' '
'Building target: example.elf'
'Invoking: MicroBlaze gcc linker'
mb-gcc -Wl,-T -Wl,../src/lscript.ld -L../../example_bsp/microblaze_0/lib -mlittle-endian -mcpu=v11.0 -mxl-soft-mul -Wl,--no-relax -Wl,--gc-sections -o "example.elf"  ./src/peripherals/buttons.o ./src/peripherals/leds.o ./src/peripherals/timer.o  ./src/blocks.o ./src/colors.o ./src/graphics.o ./src/main.o   -Wl,--start-group,-lxil,-lgcc,-lc,--end-group
'Finished building target: example.elf'
' '
'Invoking: MicroBlaze Print Size'
mb-size example.elf  |tee "example.elf.size"
   text	   data	    bss	    dec	    hex	filename
  25976	   9102	   3170	  38248	   9568	example.elf
'Finished building: example.elf.size'
' '
17:13:04 **** Auto Build of configuration Debug for project example ****
make all 
'Building file: ../src/main.c'
'Invoking: MicroBlaze gcc compiler'
mb-gcc -Wall -O0 -g3 -c -fmessage-length=0 -MT"src/main.o" -I../../example_bsp/microblaze_0/include -mlittle-endian -mcpu=v11.0 -mxl-soft-mul -Wl,--no-relax -ffunction-sections -fdata-sections -MMD -MP -MF"src/main.d" -MT"src/main.o" -o "src/main.o" "../src/main.c"
'Finished building: ../src/main.c'
' '
'Building target: example.elf'
'Invoking: MicroBlaze gcc linker'
mb-gcc -Wl,-T -Wl,../src/lscript.ld -L../../example_bsp/microblaze_0/lib -mlittle-endian -mcpu=v11.0 -mxl-soft-mul -Wl,--no-relax -Wl,--gc-sections -o "example.elf"  ./src/peripherals/buttons.o ./src/peripherals/leds.o ./src/peripherals/timer.o  ./src/blocks.o ./src/colors.o ./src/graphics.o ./src/main.o   -Wl,--start-group,-lxil,-lgcc,-lc,--end-group
'Finished building target: example.elf'
' '
'Invoking: MicroBlaze Print Size'
mb-size example.elf  |tee "example.elf.size"
   text	   data	    bss	    dec	    hex	filename
  25976	   9102	   3170	  38248	   9568	example.elf
'Finished building: example.elf.size'
' '
17:14:16 **** Auto Build of configuration Debug for project example ****
make all 
'Building file: ../src/main.c'
'Invoking: MicroBlaze gcc compiler'
mb-gcc -Wall -O0 -g3 -c -fmessage-length=0 -MT"src/main.o" -I../../example_bsp/microblaze_0/include -mlittle-endian -mcpu=v11.0 -mxl-soft-mul -Wl,--no-relax -ffunction-sections -fdata-sections -MMD -MP -MF"src/main.d" -MT"src/main.o" -o "src/main.o" "../src/main.c"
'Finished building: ../src/main.c'
' '
'Building target: example.elf'
'Invoking: MicroBlaze gcc linker'
mb-gcc -Wl,-T -Wl,../src/lscript.ld -L../../example_bsp/microblaze_0/lib -mlittle-endian -mcpu=v11.0 -mxl-soft-mul -Wl,--no-relax -Wl,--gc-sections -o "example.elf"  ./src/peripherals/buttons.o ./src/peripherals/leds.o ./src/peripherals/timer.o  ./src/blocks.o ./src/colors.o ./src/graphics.o ./src/main.o   -Wl,--start-group,-lxil,-lgcc,-lc,--end-group
'Finished building target: example.elf'
' '
'Invoking: MicroBlaze Print Size'
mb-size example.elf  |tee "example.elf.size"
   text	   data	    bss	    dec	    hex	filename
  25976	   9102	   3170	  38248	   9568	example.elf
'Finished building: example.elf.size'
' '
17:14:46 **** Auto Build of configuration Debug for project example ****
make all 
'Building file: ../src/main.c'
'Invoking: MicroBlaze gcc compiler'
mb-gcc -Wall -O0 -g3 -c -fmessage-length=0 -MT"src/main.o" -I../../example_bsp/microblaze_0/include -mlittle-endian -mcpu=v11.0 -mxl-soft-mul -Wl,--no-relax -ffunction-sections -fdata-sections -MMD -MP -MF"src/main.d" -MT"src/main.o" -o "src/main.o" "../src/main.c"
'Finished building: ../src/main.c'
' '
'Building target: example.elf'
'Invoking: MicroBlaze gcc linker'
mb-gcc -Wl,-T -Wl,../src/lscript.ld -L../../example_bsp/microblaze_0/lib -mlittle-endian -mcpu=v11.0 -mxl-soft-mul -Wl,--no-relax -Wl,--gc-sections -o "example.elf"  ./src/peripherals/buttons.o ./src/peripherals/leds.o ./src/peripherals/timer.o  ./src/blocks.o ./src/colors.o ./src/graphics.o ./src/main.o   -Wl,--start-group,-lxil,-lgcc,-lc,--end-group
'Finished building target: example.elf'
' '
'Invoking: MicroBlaze Print Size'
mb-size example.elf  |tee "example.elf.size"
   text	   data	    bss	    dec	    hex	filename
  25976	   9102	   3170	  38248	   9568	example.elf
'Finished building: example.elf.size'
' '
17:17:11 **** Auto Build of configuration Debug for project example ****
make all 
'Building file: ../src/blocks.c'
'Invoking: MicroBlaze gcc compiler'
mb-gcc -Wall -O0 -g3 -c -fmessage-length=0 -MT"src/blocks.o" -I../../example_bsp/microblaze_0/include -mlittle-endian -mcpu=v11.0 -mxl-soft-mul -Wl,--no-relax -ffunction-sections -fdata-sections -MMD -MP -MF"src/blocks.d" -MT"src/blocks.o" -o "src/blocks.o" "../src/blocks.c"
'Finished building: ../src/blocks.c'
' '
'Building file: ../src/graphics.c'
'Invoking: MicroBlaze gcc compiler'
mb-gcc -Wall -O0 -g3 -c -fmessage-length=0 -MT"src/graphics.o" -I../../example_bsp/microblaze_0/include -mlittle-endian -mcpu=v11.0 -mxl-soft-mul -Wl,--no-relax -ffunction-sections -fdata-sections -MMD -MP -MF"src/graphics.d" -MT"src/graphics.o" -o "src/graphics.o" "../src/graphics.c"
'Finished building: ../src/graphics.c'
' '
'Building file: ../src/main.c'
'Invoking: MicroBlaze gcc compiler'
mb-gcc -Wall -O0 -g3 -c -fmessage-length=0 -MT"src/main.o" -I../../example_bsp/microblaze_0/include -mlittle-endian -mcpu=v11.0 -mxl-soft-mul -Wl,--no-relax -ffunction-sections -fdata-sections -MMD -MP -MF"src/main.d" -MT"src/main.o" -o "src/main.o" "../src/main.c"
'Finished building: ../src/main.c'
' '
'Building target: example.elf'
'Invoking: MicroBlaze gcc linker'
mb-gcc -Wl,-T -Wl,../src/lscript.ld -L../../example_bsp/microblaze_0/lib -mlittle-endian -mcpu=v11.0 -mxl-soft-mul -Wl,--no-relax -Wl,--gc-sections -o "example.elf"  ./src/peripherals/buttons.o ./src/peripherals/leds.o ./src/peripherals/timer.o  ./src/blocks.o ./src/colors.o ./src/graphics.o ./src/main.o   -Wl,--start-group,-lxil,-lgcc,-lc,--end-group
'Finished building target: example.elf'
' '
'Invoking: MicroBlaze Print Size'
mb-size example.elf  |tee "example.elf.size"
   text	   data	    bss	    dec	    hex	filename
  25976	   9102	   3170	  38248	   9568	example.elf
'Finished building: example.elf.size'
' '
17:17:13 **** Auto Build of configuration Debug for project example ****
make all 
'Building file: ../src/graphics.c'
'Invoking: MicroBlaze gcc compiler'
mb-gcc -Wall -O0 -g3 -c -fmessage-length=0 -MT"src/graphics.o" -I../../example_bsp/microblaze_0/include -mlittle-endian -mcpu=v11.0 -mxl-soft-mul -Wl,--no-relax -ffunction-sections -fdata-sections -MMD -MP -MF"src/graphics.d" -MT"src/graphics.o" -o "src/graphics.o" "../src/graphics.c"
'Finished building: ../src/graphics.c'
' '
'Building target: example.elf'
'Invoking: MicroBlaze gcc linker'
mb-gcc -Wl,-T -Wl,../src/lscript.ld -L../../example_bsp/microblaze_0/lib -mlittle-endian -mcpu=v11.0 -mxl-soft-mul -Wl,--no-relax -Wl,--gc-sections -o "example.elf"  ./src/peripherals/buttons.o ./src/peripherals/leds.o ./src/peripherals/timer.o  ./src/blocks.o ./src/colors.o ./src/graphics.o ./src/main.o   -Wl,--start-group,-lxil,-lgcc,-lc,--end-group
'Finished building target: example.elf'
' '
'Invoking: MicroBlaze Print Size'
mb-size example.elf  |tee "example.elf.size"
   text	   data	    bss	    dec	    hex	filename
  25976	   9102	   3170	  38248	   9568	example.elf
'Finished building: example.elf.size'
' '
17:18:48 **** Auto Build of configuration Debug for project example ****
make all 
'Building file: ../src/blocks.c'
'Invoking: MicroBlaze gcc compiler'
mb-gcc -Wall -O0 -g3 -c -fmessage-length=0 -MT"src/blocks.o" -I../../example_bsp/microblaze_0/include -mlittle-endian -mcpu=v11.0 -mxl-soft-mul -Wl,--no-relax -ffunction-sections -fdata-sections -MMD -MP -MF"src/blocks.d" -MT"src/blocks.o" -o "src/blocks.o" "../src/blocks.c"
../src/blocks.c: In function 'print_block':
../src/blocks.c:12:13: warning: implicit declaration of function 'paint'; did you mean 'print'? [-Wimplicit-function-declaration]
             paint(pos.x + i, pos.y + j, col);
             ^~~~~
             print
'Finished building: ../src/blocks.c'
' '
'Building target: example.elf'
'Invoking: MicroBlaze gcc linker'
mb-gcc -Wl,-T -Wl,../src/lscript.ld -L../../example_bsp/microblaze_0/lib -mlittle-endian -mcpu=v11.0 -mxl-soft-mul -Wl,--no-relax -Wl,--gc-sections -o "example.elf"  ./src/peripherals/buttons.o ./src/peripherals/leds.o ./src/peripherals/timer.o  ./src/blocks.o ./src/colors.o ./src/graphics.o ./src/main.o   -Wl,--start-group,-lxil,-lgcc,-lc,--end-group
'Finished building target: example.elf'
' '
'Invoking: MicroBlaze Print Size'
mb-size example.elf  |tee "example.elf.size"
   text	   data	    bss	    dec	    hex	filename
  25976	   9102	   3170	  38248	   9568	example.elf
'Finished building: example.elf.size'
' '
17:18:53 **** Auto Build of configuration Debug for project example ****
make all 
'Building file: ../src/blocks.c'
'Invoking: MicroBlaze gcc compiler'
mb-gcc -Wall -O0 -g3 -c -fmessage-length=0 -MT"src/blocks.o" -I../../example_bsp/microblaze_0/include -mlittle-endian -mcpu=v11.0 -mxl-soft-mul -Wl,--no-relax -ffunction-sections -fdata-sections -MMD -MP -MF"src/blocks.d" -MT"src/blocks.o" -o "src/blocks.o" "../src/blocks.c"
'Finished building: ../src/blocks.c'
' '
'Building target: example.elf'
'Invoking: MicroBlaze gcc linker'
mb-gcc -Wl,-T -Wl,../src/lscript.ld -L../../example_bsp/microblaze_0/lib -mlittle-endian -mcpu=v11.0 -mxl-soft-mul -Wl,--no-relax -Wl,--gc-sections -o "example.elf"  ./src/peripherals/buttons.o ./src/peripherals/leds.o ./src/peripherals/timer.o  ./src/blocks.o ./src/colors.o ./src/graphics.o ./src/main.o   -Wl,--start-group,-lxil,-lgcc,-lc,--end-group
'Finished building target: example.elf'
' '
'Invoking: MicroBlaze Print Size'
mb-size example.elf  |tee "example.elf.size"
   text	   data	    bss	    dec	    hex	filename
  25976	   9102	   3170	  38248	   9568	example.elf
'Finished building: example.elf.size'
' '
