19:05:19 **** Incremental Build of configuration Debug for project example ****
make all 
make: Nothing to be done for 'all'.
19:05:26 **** Incremental Build of configuration Debug for project example ****
make all 
make: Nothing to be done for 'all'.
19:06:07 **** Auto Build of configuration Debug for project example ****
make all 
'Building file: ../src/main.c'
'Invoking: MicroBlaze gcc compiler'
mb-gcc -Wall -O0 -g3 -c -fmessage-length=0 -MT"src/main.o" -I../../example_bsp/microblaze_0/include -mlittle-endian -mcpu=v11.0 -mxl-soft-mul -Wl,--no-relax -ffunction-sections -fdata-sections -MMD -MP -MF"src/main.d" -MT"src/main.o" -o "src/main.o" "../src/main.c"
../src/main.c: In function 'calculate_block':
../src/main.c:350:25: error: 'res' is a pointer; did you mean to use '->'?
    if (next_pos.x >= res.location.x && next_pos.x < res.location.x + BLOCK_LENGTH &&
                         ^
                         ->
../src/main.c:350:56: error: 'res' is a pointer; did you mean to use '->'?
    if (next_pos.x >= res.location.x && next_pos.x < res.location.x + BLOCK_LENGTH &&
                                                        ^
                                                        ->
../src/main.c:351:22: error: 'res' is a pointer; did you mean to use '->'?
     next_pos.y >= res.location.y && next_pos.y < res.location.y + BLOCK_HEIGHT)
                      ^
                      ->
../src/main.c:351:53: error: 'res' is a pointer; did you mean to use '->'?
     next_pos.y >= res.location.y && next_pos.y < res.location.y + BLOCK_HEIGHT)
                                                     ^
                                                     ->
../src/main.c:353:11: warning: assignment from incompatible pointer type [-Wincompatible-pointer-types]
     block = res;
           ^
make: *** [src/subdir.mk:38: src/main.o] Error 1
19:06:23 **** Auto Build of configuration Debug for project example ****
make all 
'Building file: ../src/main.c'
'Invoking: MicroBlaze gcc compiler'
mb-gcc -Wall -O0 -g3 -c -fmessage-length=0 -MT"src/main.o" -I../../example_bsp/microblaze_0/include -mlittle-endian -mcpu=v11.0 -mxl-soft-mul -Wl,--no-relax -ffunction-sections -fdata-sections -MMD -MP -MF"src/main.d" -MT"src/main.o" -o "src/main.o" "../src/main.c"
../src/main.c: In function 'calculate_block':
../src/main.c:353:11: warning: assignment from incompatible pointer type [-Wincompatible-pointer-types]
     block = res;
           ^
'Finished building: ../src/main.c'
' '
'Building target: example.elf'
'Invoking: MicroBlaze gcc linker'
mb-gcc -Wl,-T -Wl,../src/lscript.ld -L../../example_bsp/microblaze_0/lib -mlittle-endian -mcpu=v11.0 -mxl-soft-mul -Wl,--no-relax -Wl,--gc-sections -o "example.elf"  ./src/blocks.o ./src/colors.o ./src/graphics.o ./src/leds.o ./src/main.o ./src/timer.o   -Wl,--start-group,-lxil,-lgcc,-lc,--end-group
'Finished building target: example.elf'
' '
'Invoking: MicroBlaze Print Size'
mb-size example.elf  |tee "example.elf.size"
   text	   data	    bss	    dec	    hex	filename
  29144	   7724	   3172	  40040	   9c68	example.elf
'Finished building: example.elf.size'
' '
19:06:47 **** Auto Build of configuration Debug for project example ****
make all 
'Building file: ../src/main.c'
'Invoking: MicroBlaze gcc compiler'
mb-gcc -Wall -O0 -g3 -c -fmessage-length=0 -MT"src/main.o" -I../../example_bsp/microblaze_0/include -mlittle-endian -mcpu=v11.0 -mxl-soft-mul -Wl,--no-relax -ffunction-sections -fdata-sections -MMD -MP -MF"src/main.d" -MT"src/main.o" -o "src/main.o" "../src/main.c"
../src/main.c: In function 'calculate_block':
../src/main.c:353:11: error: incompatible types when assigning to type 'block_t ** {aka struct block **}' from type 'block_t {aka struct block}'
     block = *res;
           ^
make: *** [src/subdir.mk:38: src/main.o] Error 1
19:06:55 **** Auto Build of configuration Debug for project example ****
make all 
'Building file: ../src/main.c'
'Invoking: MicroBlaze gcc compiler'
mb-gcc -Wall -O0 -g3 -c -fmessage-length=0 -MT"src/main.o" -I../../example_bsp/microblaze_0/include -mlittle-endian -mcpu=v11.0 -mxl-soft-mul -Wl,--no-relax -ffunction-sections -fdata-sections -MMD -MP -MF"src/main.d" -MT"src/main.o" -o "src/main.o" "../src/main.c"
'Finished building: ../src/main.c'
' '
'Building target: example.elf'
'Invoking: MicroBlaze gcc linker'
mb-gcc -Wl,-T -Wl,../src/lscript.ld -L../../example_bsp/microblaze_0/lib -mlittle-endian -mcpu=v11.0 -mxl-soft-mul -Wl,--no-relax -Wl,--gc-sections -o "example.elf"  ./src/blocks.o ./src/colors.o ./src/graphics.o ./src/leds.o ./src/main.o ./src/timer.o   -Wl,--start-group,-lxil,-lgcc,-lc,--end-group
'Finished building target: example.elf'
' '
'Invoking: MicroBlaze Print Size'
mb-size example.elf  |tee "example.elf.size"
   text	   data	    bss	    dec	    hex	filename
  29144	   7724	   3172	  40040	   9c68	example.elf
'Finished building: example.elf.size'
' '
19:06:59 **** Incremental Build of configuration Debug for project example ****
make all 
make: Nothing to be done for 'all'.
19:07:33 **** Incremental Build of configuration Debug for project example ****
make all 
make: Nothing to be done for 'all'.
19:08:21 **** Incremental Build of configuration Debug for project example ****
make all 
make: Nothing to be done for 'all'.
19:11:15 **** Incremental Build of configuration Debug for project example ****
make all 
'Building file: ../src/main.c'
'Invoking: MicroBlaze gcc compiler'
mb-gcc -Wall -O0 -g3 -c -fmessage-length=0 -MT"src/main.o" -I../../example_bsp/microblaze_0/include -mlittle-endian -mcpu=v11.0 -mxl-soft-mul -Wl,--no-relax -ffunction-sections -fdata-sections -MMD -MP -MF"src/main.d" -MT"src/main.o" -o "src/main.o" "../src/main.c"
'Finished building: ../src/main.c'
' '
'Building target: example.elf'
'Invoking: MicroBlaze gcc linker'
mb-gcc -Wl,-T -Wl,../src/lscript.ld -L../../example_bsp/microblaze_0/lib -mlittle-endian -mcpu=v11.0 -mxl-soft-mul -Wl,--no-relax -Wl,--gc-sections -o "example.elf"  ./src/blocks.o ./src/colors.o ./src/graphics.o ./src/leds.o ./src/main.o ./src/timer.o   -Wl,--start-group,-lxil,-lgcc,-lc,--end-group
'Finished building target: example.elf'
' '
'Invoking: MicroBlaze Print Size'
mb-size example.elf  |tee "example.elf.size"
   text	   data	    bss	    dec	    hex	filename
  29144	   7724	   3172	  40040	   9c68	example.elf
'Finished building: example.elf.size'
' '
19:12:51 **** Incremental Build of configuration Debug for project example ****
make all 
make: Nothing to be done for 'all'.
19:14:05 **** Auto Build of configuration Debug for project example ****
make all 
'Building file: ../src/main.c'
'Invoking: MicroBlaze gcc compiler'
mb-gcc -Wall -O0 -g3 -c -fmessage-length=0 -MT"src/main.o" -I../../example_bsp/microblaze_0/include -mlittle-endian -mcpu=v11.0 -mxl-soft-mul -Wl,--no-relax -ffunction-sections -fdata-sections -MMD -MP -MF"src/main.d" -MT"src/main.o" -o "src/main.o" "../src/main.c"
../src/main.c: In function 'calculate_block':
../src/main.c:349:19: error: incompatible types when initializing type 'block_t * {aka struct block *}' using type 'block_t {aka struct block}'
    block_t *res = map->blocks[j][i];
                   ^~~
make: *** [src/subdir.mk:38: src/main.o] Error 1
19:14:56 **** Auto Build of configuration Debug for project example ****
make all 
'Building file: ../src/main.c'
'Invoking: MicroBlaze gcc compiler'
mb-gcc -Wall -O0 -g3 -c -fmessage-length=0 -MT"src/main.o" -I../../example_bsp/microblaze_0/include -mlittle-endian -mcpu=v11.0 -mxl-soft-mul -Wl,--no-relax -ffunction-sections -fdata-sections -MMD -MP -MF"src/main.d" -MT"src/main.o" -o "src/main.o" "../src/main.c"
'Finished building: ../src/main.c'
' '
'Building target: example.elf'
'Invoking: MicroBlaze gcc linker'
mb-gcc -Wl,-T -Wl,../src/lscript.ld -L../../example_bsp/microblaze_0/lib -mlittle-endian -mcpu=v11.0 -mxl-soft-mul -Wl,--no-relax -Wl,--gc-sections -o "example.elf"  ./src/blocks.o ./src/colors.o ./src/graphics.o ./src/leds.o ./src/main.o ./src/timer.o   -Wl,--start-group,-lxil,-lgcc,-lc,--end-group
'Finished building target: example.elf'
' '
'Invoking: MicroBlaze Print Size'
mb-size example.elf  |tee "example.elf.size"
   text	   data	    bss	    dec	    hex	filename
  29148	   7724	   3176	  40048	   9c70	example.elf
'Finished building: example.elf.size'
' '
19:15:05 **** Incremental Build of configuration Debug for project example ****
make all 
make: Nothing to be done for 'all'.
19:19:57 **** Auto Build of configuration Debug for project example ****
make all 
'Building file: ../src/main.c'
'Invoking: MicroBlaze gcc compiler'
mb-gcc -Wall -O0 -g3 -c -fmessage-length=0 -MT"src/main.o" -I../../example_bsp/microblaze_0/include -mlittle-endian -mcpu=v11.0 -mxl-soft-mul -Wl,--no-relax -ffunction-sections -fdata-sections -MMD -MP -MF"src/main.d" -MT"src/main.o" -o "src/main.o" "../src/main.c"
'Finished building: ../src/main.c'
' '
'Building target: example.elf'
'Invoking: MicroBlaze gcc linker'
mb-gcc -Wl,-T -Wl,../src/lscript.ld -L../../example_bsp/microblaze_0/lib -mlittle-endian -mcpu=v11.0 -mxl-soft-mul -Wl,--no-relax -Wl,--gc-sections -o "example.elf"  ./src/blocks.o ./src/colors.o ./src/graphics.o ./src/leds.o ./src/main.o ./src/timer.o   -Wl,--start-group,-lxil,-lgcc,-lc,--end-group
'Finished building target: example.elf'
' '
'Invoking: MicroBlaze Print Size'
mb-size example.elf  |tee "example.elf.size"
   text	   data	    bss	    dec	    hex	filename
  29244	   8416	   3172	  40832	   9f80	example.elf
'Finished building: example.elf.size'
' '
19:20:00 **** Incremental Build of configuration Debug for project example ****
make all 
make: Nothing to be done for 'all'.
19:21:42 **** Auto Build of configuration Debug for project example ****
make all 
'Building file: ../src/main.c'
'Invoking: MicroBlaze gcc compiler'
mb-gcc -Wall -O0 -g3 -c -fmessage-length=0 -MT"src/main.o" -I../../example_bsp/microblaze_0/include -mlittle-endian -mcpu=v11.0 -mxl-soft-mul -Wl,--no-relax -ffunction-sections -fdata-sections -MMD -MP -MF"src/main.d" -MT"src/main.o" -o "src/main.o" "../src/main.c"
../src/main.c: In function 'main':
../src/main.c:54:22: error: expected expression before ';' token
   remaining_blocks = ;
                      ^
make: *** [src/subdir.mk:38: src/main.o] Error 1
19:21:46 **** Auto Build of configuration Debug for project example ****
make all 
'Building file: ../src/main.c'
'Invoking: MicroBlaze gcc compiler'
mb-gcc -Wall -O0 -g3 -c -fmessage-length=0 -MT"src/main.o" -I../../example_bsp/microblaze_0/include -mlittle-endian -mcpu=v11.0 -mxl-soft-mul -Wl,--no-relax -ffunction-sections -fdata-sections -MMD -MP -MF"src/main.d" -MT"src/main.o" -o "src/main.o" "../src/main.c"
'Finished building: ../src/main.c'
' '
'Building target: example.elf'
'Invoking: MicroBlaze gcc linker'
mb-gcc -Wl,-T -Wl,../src/lscript.ld -L../../example_bsp/microblaze_0/lib -mlittle-endian -mcpu=v11.0 -mxl-soft-mul -Wl,--no-relax -Wl,--gc-sections -o "example.elf"  ./src/blocks.o ./src/colors.o ./src/graphics.o ./src/leds.o ./src/main.o ./src/timer.o   -Wl,--start-group,-lxil,-lgcc,-lc,--end-group
'Finished building target: example.elf'
' '
'Invoking: MicroBlaze Print Size'
mb-size example.elf  |tee "example.elf.size"
   text	   data	    bss	    dec	    hex	filename
  29244	   9108	   3176	  41528	   a238	example.elf
'Finished building: example.elf.size'
' '
19:21:47 **** Incremental Build of configuration Debug for project example ****
make all 
make: Nothing to be done for 'all'.
19:22:09 **** Auto Build of configuration Debug for project example ****
make all 
'Building file: ../src/main.c'
'Invoking: MicroBlaze gcc compiler'
mb-gcc -Wall -O0 -g3 -c -fmessage-length=0 -MT"src/main.o" -I../../example_bsp/microblaze_0/include -mlittle-endian -mcpu=v11.0 -mxl-soft-mul -Wl,--no-relax -ffunction-sections -fdata-sections -MMD -MP -MF"src/main.d" -MT"src/main.o" -o "src/main.o" "../src/main.c"
'Finished building: ../src/main.c'
' '
'Building target: example.elf'
'Invoking: MicroBlaze gcc linker'
mb-gcc -Wl,-T -Wl,../src/lscript.ld -L../../example_bsp/microblaze_0/lib -mlittle-endian -mcpu=v11.0 -mxl-soft-mul -Wl,--no-relax -Wl,--gc-sections -o "example.elf"  ./src/blocks.o ./src/colors.o ./src/graphics.o ./src/leds.o ./src/main.o ./src/timer.o   -Wl,--start-group,-lxil,-lgcc,-lc,--end-group
'Finished building target: example.elf'
' '
'Invoking: MicroBlaze Print Size'
mb-size example.elf  |tee "example.elf.size"
   text	   data	    bss	    dec	    hex	filename
  29244	   9108	   3176	  41528	   a238	example.elf
'Finished building: example.elf.size'
' '
19:22:12 **** Incremental Build of configuration Debug for project example ****
make all 
make: Nothing to be done for 'all'.
19:23:55 **** Incremental Build of configuration Debug for project example ****
make all 
'Building file: ../src/main.c'
'Invoking: MicroBlaze gcc compiler'
mb-gcc -Wall -O0 -g3 -c -fmessage-length=0 -MT"src/main.o" -I../../example_bsp/microblaze_0/include -mlittle-endian -mcpu=v11.0 -mxl-soft-mul -Wl,--no-relax -ffunction-sections -fdata-sections -MMD -MP -MF"src/main.d" -MT"src/main.o" -o "src/main.o" "../src/main.c"
'Finished building: ../src/main.c'
' '
'Building target: example.elf'
'Invoking: MicroBlaze gcc linker'
mb-gcc -Wl,-T -Wl,../src/lscript.ld -L../../example_bsp/microblaze_0/lib -mlittle-endian -mcpu=v11.0 -mxl-soft-mul -Wl,--no-relax -Wl,--gc-sections -o "example.elf"  ./src/blocks.o ./src/colors.o ./src/graphics.o ./src/leds.o ./src/main.o ./src/timer.o   -Wl,--start-group,-lxil,-lgcc,-lc,--end-group
'Finished building target: example.elf'
' '
'Invoking: MicroBlaze Print Size'
mb-size example.elf  |tee "example.elf.size"
   text	   data	    bss	    dec	    hex	filename
  29244	   9108	   3176	  41528	   a238	example.elf
'Finished building: example.elf.size'
' '
19:25:36 **** Auto Build of configuration Debug for project example ****
make all 
'Building file: ../src/main.c'
'Invoking: MicroBlaze gcc compiler'
mb-gcc -Wall -O0 -g3 -c -fmessage-length=0 -MT"src/main.o" -I../../example_bsp/microblaze_0/include -mlittle-endian -mcpu=v11.0 -mxl-soft-mul -Wl,--no-relax -ffunction-sections -fdata-sections -MMD -MP -MF"src/main.d" -MT"src/main.o" -o "src/main.o" "../src/main.c"
'Finished building: ../src/main.c'
' '
'Building target: example.elf'
'Invoking: MicroBlaze gcc linker'
mb-gcc -Wl,-T -Wl,../src/lscript.ld -L../../example_bsp/microblaze_0/lib -mlittle-endian -mcpu=v11.0 -mxl-soft-mul -Wl,--no-relax -Wl,--gc-sections -o "example.elf"  ./src/blocks.o ./src/colors.o ./src/graphics.o ./src/leds.o ./src/main.o ./src/timer.o   -Wl,--start-group,-lxil,-lgcc,-lc,--end-group
'Finished building target: example.elf'
' '
'Invoking: MicroBlaze Print Size'
mb-size example.elf  |tee "example.elf.size"
   text	   data	    bss	    dec	    hex	filename
  29244	   9108	   3176	  41528	   a238	example.elf
'Finished building: example.elf.size'
' '
19:25:38 **** Incremental Build of configuration Debug for project example ****
make all 
make: Nothing to be done for 'all'.
19:26:45 **** Auto Build of configuration Debug for project example ****
make all 
'Building file: ../src/main.c'
'Invoking: MicroBlaze gcc compiler'
mb-gcc -Wall -O0 -g3 -c -fmessage-length=0 -MT"src/main.o" -I../../example_bsp/microblaze_0/include -mlittle-endian -mcpu=v11.0 -mxl-soft-mul -Wl,--no-relax -ffunction-sections -fdata-sections -MMD -MP -MF"src/main.d" -MT"src/main.o" -o "src/main.o" "../src/main.c"
'Finished building: ../src/main.c'
' '
'Building target: example.elf'
'Invoking: MicroBlaze gcc linker'
mb-gcc -Wl,-T -Wl,../src/lscript.ld -L../../example_bsp/microblaze_0/lib -mlittle-endian -mcpu=v11.0 -mxl-soft-mul -Wl,--no-relax -Wl,--gc-sections -o "example.elf"  ./src/blocks.o ./src/colors.o ./src/graphics.o ./src/leds.o ./src/main.o ./src/timer.o   -Wl,--start-group,-lxil,-lgcc,-lc,--end-group
'Finished building target: example.elf'
' '
'Invoking: MicroBlaze Print Size'
mb-size example.elf  |tee "example.elf.size"
   text	   data	    bss	    dec	    hex	filename
  29244	   9108	   3176	  41528	   a238	example.elf
'Finished building: example.elf.size'
' '
19:29:28 **** Auto Build of configuration Debug for project example ****
make all 
'Building file: ../src/main.c'
'Invoking: MicroBlaze gcc compiler'
mb-gcc -Wall -O0 -g3 -c -fmessage-length=0 -MT"src/main.o" -I../../example_bsp/microblaze_0/include -mlittle-endian -mcpu=v11.0 -mxl-soft-mul -Wl,--no-relax -ffunction-sections -fdata-sections -MMD -MP -MF"src/main.d" -MT"src/main.o" -o "src/main.o" "../src/main.c"
'Finished building: ../src/main.c'
' '
'Building target: example.elf'
'Invoking: MicroBlaze gcc linker'
mb-gcc -Wl,-T -Wl,../src/lscript.ld -L../../example_bsp/microblaze_0/lib -mlittle-endian -mcpu=v11.0 -mxl-soft-mul -Wl,--no-relax -Wl,--gc-sections -o "example.elf"  ./src/blocks.o ./src/colors.o ./src/graphics.o ./src/leds.o ./src/main.o ./src/timer.o   -Wl,--start-group,-lxil,-lgcc,-lc,--end-group
'Finished building target: example.elf'
' '
'Invoking: MicroBlaze Print Size'
mb-size example.elf  |tee "example.elf.size"
   text	   data	    bss	    dec	    hex	filename
  29244	   9108	   3176	  41528	   a238	example.elf
'Finished building: example.elf.size'
' '
19:29:28 **** Incremental Build of configuration Debug for project example ****
make all 
make: Nothing to be done for 'all'.
19:31:11 **** Auto Build of configuration Debug for project example ****
make all 
'Building file: ../src/main.c'
'Invoking: MicroBlaze gcc compiler'
mb-gcc -Wall -O0 -g3 -c -fmessage-length=0 -MT"src/main.o" -I../../example_bsp/microblaze_0/include -mlittle-endian -mcpu=v11.0 -mxl-soft-mul -Wl,--no-relax -ffunction-sections -fdata-sections -MMD -MP -MF"src/main.d" -MT"src/main.o" -o "src/main.o" "../src/main.c"
'Finished building: ../src/main.c'
' '
'Building target: example.elf'
'Invoking: MicroBlaze gcc linker'
mb-gcc -Wl,-T -Wl,../src/lscript.ld -L../../example_bsp/microblaze_0/lib -mlittle-endian -mcpu=v11.0 -mxl-soft-mul -Wl,--no-relax -Wl,--gc-sections -o "example.elf"  ./src/blocks.o ./src/colors.o ./src/graphics.o ./src/leds.o ./src/main.o ./src/timer.o   -Wl,--start-group,-lxil,-lgcc,-lc,--end-group
'Finished building target: example.elf'
' '
'Invoking: MicroBlaze Print Size'
mb-size example.elf  |tee "example.elf.size"
   text	   data	    bss	    dec	    hex	filename
  29244	   9108	   3176	  41528	   a238	example.elf
'Finished building: example.elf.size'
' '
