18:54:59 **** Auto Build of configuration Debug for project practica5 ****
make all 
'Building file: ../src/main.c'
'Invoking: MicroBlaze gcc compiler'
mb-gcc -Wall -O0 -g3 -c -fmessage-length=0 -MT"src/main.o" -I../../practica5_bsp/microblaze_0/include -mlittle-endian -mcpu=v11.0 -mxl-soft-mul -Wl,--no-relax -ffunction-sections -fdata-sections -MMD -MP -MF"src/main.d" -MT"src/main.o" -o "src/main.o" "../src/main.c"
../src/main.c: In function 'print_button':
../src/main.c:77:5: warning: implicit declaration of function 'usleep'; did you mean 'fseek'? [-Wimplicit-function-declaration]
     usleep(10000); // wait
     ^~~~~~
     fseek
../src/main.c:75:21: warning: 'STATUS_FULL_FIFO_MASK' is used uninitialized in this function [-Wuninitialized]
    if ((*mdm_status & STATUS_FULL_FIFO_MASK) != 0) // data on the buffer
        ~~~~~~~~~~~~~^~~~~~~~~~~~~~~~~~~~~~~~
'Finished building: ../src/main.c'
' '
'Building target: practica5.elf'
'Invoking: MicroBlaze gcc linker'
mb-gcc -Wl,-T -Wl,../src/lscript.ld -L../../practica5_bsp/microblaze_0/lib -mlittle-endian -mcpu=v11.0 -mxl-soft-mul -Wl,--no-relax -Wl,--gc-sections -o "practica5.elf"  ./src/main.o   -Wl,--start-group,-lxil,-lgcc,-lc,--end-group
'Finished building target: practica5.elf'
' '
'Invoking: MicroBlaze Print Size'
mb-size practica5.elf  |tee "practica5.elf.size"
   text	   data	    bss	    dec	    hex	filename
   2700	    268	   3112	   6080	   17c0	practica5.elf
'Finished building: practica5.elf.size'
' '

18:55:00 Build Finished (took 1s.498ms)

