13:11:37 **** Build of configuration Debug for project task_07 ****
make all 
'Building file: ../src/main.c'
'Invoking: MicroBlaze gcc compiler'
mb-gcc -Wall -O0 -g3 -c -fmessage-length=0 -MT"src/main.o" -I../../task_07_bsp/microblaze_0/include -mlittle-endian -mcpu=v11.0 -mxl-soft-mul -Wl,--no-relax -ffunction-sections -fdata-sections -MMD -MP -MF"src/main.d" -MT"src/main.o" -o "src/main.o" "../src/main.c"
'Finished building: ../src/main.c'
' '
'Building target: task_07.elf'
'Invoking: MicroBlaze gcc linker'
mb-gcc -Wl,-T -Wl,../src/lscript.ld -L../../task_07_bsp/microblaze_0/lib -mlittle-endian -mcpu=v11.0 -mxl-soft-mul -Wl,--no-relax -Wl,--gc-sections -o "task_07.elf"  ./src/main.o   -Wl,--start-group,-lxil,-lgcc,-lc,--end-group
'Finished building target: task_07.elf'
' '
'Invoking: MicroBlaze Print Size'
mb-size task_07.elf  |tee "task_07.elf.size"
   text	   data	    bss	    dec	    hex	filename
   2372	    312	   3108	   5792	   16a0	task_07.elf
'Finished building: task_07.elf.size'
' '

13:11:38 Build Finished (took 1s.232ms)

